error: not all trait items implemented, missing: `HelloFut`
 --> $DIR/tarpc_server_missing_async.rs:9:1
  |
9 | impl World for HelloServer {
  | ^^^^

error: hint: `#[tarpc::server]` only rewrites async fns, and `fn hello` is not async
  --> $DIR/tarpc_server_missing_async.rs:10:5
   |
10 |     fn hello(name: String) ->  String {
   |     ^^
